[sites.google.com/site/vmkale/index.html]
[backblue.gif]
[fade.gif]
[index.html]
[sites.google.com/site/vmkale/_/rsrc/1581830861092/favicon.png]
[ssl.gstatic.com/sites/p/0bb9d3/system/app/images/apple-touch-icon.png]
[ssl.gstatic.com/sites/p/0bb9d3/system/app/images/cleardot.gif]
[ssl.gstatic.com/sites/p/0bb9d3/system/js/trog_edit__en.js]
[sites.google.com/site/vmkale/ug/NMO.html]
[sites.google.com/site/vmkale/ug/ifp.html]
[sites.google.com/site/vmkale/ug/relibility-engg.html]
[sites.google.com/site/vmkale/pg/afm.html]
[sites.google.com/site/vmkale/sample-files.html]
[sites.google.com/site/vmkale/pg/amnm.html]
[sites.google.com/site/vmkale/goog_1422899689.12.delayed]
[sites.google.com/site/vmkale/_/rsrc/1581830861105/config/vmk3_7m.jpg]
[sites.google.com/site/vmkale/ug/hp/hp-lesson-plan.html]
[sites.google.com/site/vmkale/ug/or.html]
[sites.google.com/site/vmkale/ug/or/or-lesson-plan.html]
[sites.google.com/site/vmkale/ug/NMO/conm-lesson-plan.html]
[sites.google.com/site/vmkale/ug/NMO/conm-write-up-guidelines.html]
[sites.google.com/site/vmkale/ug/NMO/test-marks.html]
[sites.google.com/site/vmkale/ug/NMO/conm-practical-plan.html]
[sites.google.com/site/vmkale/ug/NMO/conmmcq.html]
[sites.google.com/site/vmkale/seminar-project-ppt-guidelines.html]
[sites.google.com/site/vmkale/ug/ifp/me-i-electiveii.html]
[sites.google.com/site/vmkale/ug/ifp/ifp-usefullinks.html]
[sites.google.com/site/vmkale/ug/NMO/CONM-programs/pdesolver.html]
[sites.google.com/site/vmkale/ug/NMO/CONM-programs/odesolver.html]
[sites.google.com/site/vmkale/ug/NMO/CONM-programs/someprogramsonyourrequest.html]
[sites.google.com/site/vmkale/ug/NMO/CONM-programs/solutionbyusingsolver.html]
[sites.google.com/site/vmkale/ug/NMO/CONM-programs/odeprograms.html]
[sites.google.com/site/vmkale/system/app/pages/recentChanges.html]
[sites.google.com/site/vmkale/system/app/pages/reportAbuse.html]
[ssl.gstatic.com/sites/p/0bb9d3/system/js/jot_min_view__en.js]
[sites.google.com/site/vmkale/ug/NMO/conm-question-papers.html]
[www-sites-opensocial.googleusercontent.com/gadgets/js/rpc2c41.js]
[sites.google.com/site/vmkale/index.html]
[ssl.gstatic.com/sites/p/0bb9d3/system/app/css/codemirror_css.css]
[ssl.gstatic.com/editor/bubble2_tr.gif]
[ssl.gstatic.com/sites/p/0bb9d3/system/app/css/trogedit.css]
[sites.google.com/site/vmkale/_/rsrc/1603352043000/system/app/images/toolbar-check.gif]
[sites.google.com/site/vmkale/_/rsrc/1603352043000/system/app/images/icon-help-kennedy.png]
[sites.google.com/site/sites/system/app/images/icon_plusone.2f.delayed]
[accounts.google.com/ServiceLoginc521.html]
[sites.google.com/site/sites/system/app/images/plusbadge.31.delayed]
[ssl.gstatic.com/images/icons/gplus-64.png]
[ssl.gstatic.com/images/icons/gplus-32.png]
[ssl.gstatic.com/images/icons/gplus-16.png]
[sites.google.com/site/vmkale/_/rsrc/1603352043000/system/app/css/editor.css]
[ssl.gstatic.com/sites/p/0bb9d3/system/app/css/codeeditor.css]
[ssl.gstatic.com/ui/v1/menu/checkmark-partial.png]
[ssl.gstatic.com/sites/p/0bb9d3/system/app/themes/microsport/standard-css-microsport-ltr-ltr.css]
[sites.google.com/site/vmkale/_/rsrc/1603352043000/system/app/css/overlay773f.css]
[sites.google.com/site/vmkale/_/rsrc/1603352043000/system/app/images/camelot.png]
[sites.google.com/site/vmkale/_/rsrc/1603352043000/system/app/css/camelot/allthemes-view.css]
[sites.google.com/site/vmkale/ug/goog_1422899689.38.delayed]
[sites.google.com/site/vmkale/home]
[sites.google.com/site/vmkale/ug.html]
[sites.google.com/site/vmkale/ug/NMO/CONM-programs/cubicspline.html]
[sites.google.com/site/vmkale/ug/NMO/CONM-programs/doubleintegrationtrapezoidalandsimsons13rdmethod.html]
[sites.google.com/site/vmkale/ug/NMO/CONM-programs/gausselimination.html]
[sites.google.com/site/vmkale/ug/NMO/CONM-programs/enponentialandpowercurve.html]
[sites.google.com/site/vmkale/ug/NMO/CONM-programs/gausseliminationwithpatialpivoting.html]
[sites.google.com/site/vmkale/ug/NMO/CONM-programs/gaussquadrature.html]
[sites.google.com/site/vmkale/ug/NMO/CONM-programs/gaussquadrature3point.html]
[sites.google.com/site/vmkale/ug/NMO/CONM-programs/gaussseidelwithrelaxation.html]
[sites.google.com/site/vmkale/ug/NMO/CONM-programs/hermitepolynomial.html]
[sites.google.com/site/vmkale/ug/NMO/CONM-programs/lagrangepolynomial.html]
[sites.google.com/site/vmkale/ug/NMO/CONM-programs/lagrangeinversepolynomial.html]
[sites.google.com/site/vmkale/ug/NMO/CONM-programs/mnrmethod.html]
[sites.google.com/site/vmkale/ug/NMO/CONM-programs/nrmethod.html]
[sites.google.com/site/vmkale/ug/NMO/CONM-programs/nbdmethod.html]
[sites.google.com/site/vmkale/ug/NMO/CONM-programs/nfdmethod.html]
[sites.google.com/site/vmkale/ug/NMO/CONM-programs/simpsons1by3method.html]
[sites.google.com/site/vmkale/ug/NMO/CONM-programs/samethod.html]
[sites.google.com/site/vmkale/ug/NMO/CONM-programs/simpsons3by8method.html]
[sites.google.com/site/vmkale/ug/NMO/CONM-programs/stlineandparabola.html]
[sites.google.com/site/vmkale/ug/NMO/CONM-programs/thomasmethod.html]
[sites.google.com/site/vmkale/ug/NMO/CONM-programs/trapezoidalmethod.html]
[sites.google.com/site/vmkale/ug/NMO/conm-home-assignments.html]
[ssl.gstatic.com/sites/p/0bb9d3/system/app/images/spinner.gif]
[sites.google.com/site/vmkale/system/app/pages/admin/revisions.51b63d.delayed]
[sites.google.com/site/vmkale/ug/NMO/trapezoidal-Program and flowchart.529a1b.delayed]
[sites.google.com/site/vmkale/ug/NMO.html]
[sites.google.com/site/vmkale/ug/ifp/posts.xml]
[sites.google.com/site/vmkale/_/rsrc/1603352043000/system/app/images/icon_feed.gif]
[ssl.gstatic.com/sites/p/0bb9d3/system/js/jot_min_announcements_view__en.js]
[sites.google.com/site/vmkale/ug/ifp.html]
[sites.google.com/site/vmkale/ug/relibility-engg/RE 1204 B.E.(2003 Patt.).589a1b.delayed]
[ssl.gstatic.com/sites/p/0bb9d3/system/js/jot_min_filecabinet_view__en.js]
[sites.google.com/site/vmkale/ug/relibility-engg.html]
[sites.google.com/site/vmkale/pg/goog_1422899689.5a.delayed]
[sites.google.com/site/vmkale/pg.html]
[sites.google.com/site/vmkale/pg/afm/afm-qpapers.html]
[sites.google.com/site/vmkale/pg/afm.html]
[sites.google.com/site/vmkale/pg/amnm.html]
[sites.google.com/site/vmkale/sample-files.html]
[sites.google.com/site/vmkale/goog_1422899689.html]
[sites.google.com/site/vmkale/pg/afm/afm-syllabus.html]
[sites.google.com/site/vmkale/ug/hp]
[sites.google.com/site/vmkale/ug/hp/goog_1422899689.5e.delayed]
[sites.google.com/site/vmkale/ug/hp/hp-lesson-plan.html]
[sites.google.com/site/vmkale/ug/or.html]
[sites.google.com/site/vmkale/ug/or/goog_1422899689.5f.delayed]
[sites.google.com/site/vmkale/ug/or/or-lesson-plan.html]
[sites.google.com/site/vmkale/ug/NMO/goog_1422899689.60.delayed]
[sites.google.com/site/vmkale/ug/NMO/conm-question-papers.html]
[sites.google.com/site/vmkale/ug/NMO/conm-lesson-plan.html]
[sites.google.com/site/vmkale/ug/NMO/conm-write-up-guidelines.html]
[sites.google.com/site/vmkale/ug/NMO/test-marks.html]
[sites.google.com/site/vmkale/ug/NMO/conm-practical-plan.html]
[sites.google.com/site/vmkale/ug/NMO/conmmcq.html]
[ssl.gstatic.com/sites/p/0bb9d3/system/js/jot_min_list_view__en.js]
[sites.google.com/site/vmkale/seminar-project-ppt-guidelines.html]
[sites.google.com/site/vmkale/ug/ifp/goog_1422899689.63.delayed]
[sites.google.com/site/vmkale/ug/ifp/me-i-electiveii.html]
[sites.google.com/site/vmkale/ug/ifp/ifp-usefullinks.html]
[sites.google.com/site/vmkale/ug/NMO/CONM-programs/goog_1422899689.64.delayed]
[sites.google.com/site/vmkale/ug/NMO/CONM-programs/pdesolver.html]
[sites.google.com/site/vmkale/ug/NMO/CONM-programs/odesolver.html]
[sites.google.com/site/vmkale/ug/NMO/CONM-programs/someprogramsonyourrequest.html]
[sites.google.com/site/vmkale/ug/NMO/CONM-programs/solutionbyusingsolver.html]
[sites.google.com/site/vmkale/ug/NMO/CONM-programs/odeprograms.html]
[sites.google.com/site/vmkale/activity.xml]
[sites.google.com/site/vmkale/system/app/pages/goog_1422899689.66.delayed]
[sites.google.com/site/vmkale/system.html]
[sites.google.com/site/vmkale/system/app/pages.html]
[sites.google.com/site/vmkale/ui-icons_256x240_theme.6a6fb5.delayed]
[0a9c32bb-a-62cb3a1a-s-sites.googlegroups.com/site/vmkale/ui-icons_256x240_theme462e.png]
[sites.google.com/site/vmkale/ui-icons_256x240_white.6c6fb5.delayed]
[0a9c32bb-a-62cb3a1a-s-sites.googlegroups.com/site/vmkale/ui-icons_256x240_white1abc.png]
[sites.google.com/site/vmkale/system/errors/NodeNotFounda170.html]
[sites.google.com/site/vmkale/sAmenities.716fb5.delayed]
[0a9c32bb-a-62cb3a1a-s-sites.googlegroups.com/site/vmkale/sAmenities8f00.jpg]
[sites.google.com/site/vmkale/sChairman.736fb5.delayed]
[0a9c32bb-a-62cb3a1a-s-sites.googlegroups.com/site/vmkale/sChairman9eab.jpg]
[sites.google.com/site/vmkale/sHouseKeeping.756fb5.delayed]
[0a9c32bb-a-62cb3a1a-s-sites.googlegroups.com/site/vmkale/sHouseKeepingf7dd.jpg]
[sites.google.com/site/vmkale/HousingSocietyLogo.776fb5.delayed]
[0a9c32bb-a-62cb3a1a-s-sites.googlegroups.com/site/vmkale/HousingSocietyLogob7d4.jpg]
[sites.google.com/site/vmkale/sSecretary.7a6fb5.delayed]
[0a9c32bb-a-62cb3a1a-s-sites.googlegroups.com/site/vmkale/sSecretary42b8.jpg]
[sites.google.com/site/vmkale/sMember.7c6fb5.delayed]
[0a9c32bb-a-62cb3a1a-s-sites.googlegroups.com/site/vmkale/sMemberf08d.jpg]
[sites.google.com/site/vmkale/system/app/pages/recentChanges.html]
[sites.google.com/site/vmkale/system/app/pages/recentChanges4c30.html]
[ssl.gstatic.com/sites/p/0bb9d3/system/js/jot_min__en.js]
[sites.google.com/site/vmkale/system/app/pages/reportAbuse.html]
[sites.google.com/site/vmkale/_/tz]
[ssl.gstatic.com/ui/v1/menu/checkmark.png]
[ssl.gstatic.com/accounts/ui/logo_1x.png]
[ssl.gstatic.com/images/branding/googlelogo/1x/googlelogo_color_112x36dp.png]
[ssl.gstatic.com/accounts/ui/logo_2x.png]
[ssl.gstatic.com/images/branding/googlelogo/2x/googlelogo_color_112x36dp.png]
[ssl.gstatic.com/accounts/ui/wlogostrip_230x17_1x.png]
[ssl.gstatic.com/accounts/ui/wlogostrip_230x17_2x.png]
[ssl.gstatic.com/ui/v1/icons/common/x_8px.png]
[ssl.gstatic.com/accounts/ui/avatar_2x.png]
[accounts.google.com/signin/usernamerecovery0222.html]
[accounts.google.com/AccountChooser.8c4956.delayed]
[accounts.google.com/ServiceLogin1b79.html]
[accounts.google.com/SignUp04df.html]
[accounts.google.com/TOS.8f5577.delayed]
[accounts.google.com/TOS.90130e.delayed]
[ssl.gstatic.com/images/icons/ui/common/universal_language_settings-21.png]
[accounts.google.com/GET.93.delayed]
[accounts.google.com/ServiceLoginc521.html]
[sites.google.com/site/vmkale/home]
[sites.google.com/site/vmkale/ug/goog_1422899689.html]
[sites.google.com/site/vmkale/ug.html]
[sites.google.com/site/vmkale/ug/NMO/CONM-programs/cubicspline.html]
[sites.google.com/site/vmkale/ug/NMO/CONM-programs/doubleintegrationtrapezoidalandsimsons13rdmethod.html]
[sites.google.com/site/vmkale/ug/NMO/CONM-programs/enponentialandpowercurve.html]
[sites.google.com/site/vmkale/ug/NMO/CONM-programs/gausselimination.html]
[sites.google.com/site/vmkale/ug/NMO/CONM-programs/gausseliminationwithpatialpivoting.html]
[sites.google.com/site/vmkale/ug/NMO/CONM-programs/gaussquadrature.html]
[sites.google.com/site/vmkale/ug/NMO/CONM-programs/gaussquadrature3point.html]
[sites.google.com/site/vmkale/ug/NMO/CONM-programs/gaussseidelwithrelaxation.html]
[sites.google.com/site/vmkale/ug/NMO/CONM-programs/hermitepolynomial.html]
[sites.google.com/site/vmkale/ug/NMO/CONM-programs/lagrangepolynomial.html]
[sites.google.com/site/vmkale/ug/NMO/CONM-programs/lagrangeinversepolynomial.html]
[sites.google.com/site/vmkale/ug/NMO/CONM-programs/mnrmethod.html]
[sites.google.com/site/vmkale/ug/NMO/CONM-programs/nrmethod.html]
[sites.google.com/site/vmkale/ug/NMO/CONM-programs/nbdmethod.html]
[sites.google.com/site/vmkale/ug/NMO/CONM-programs/nfdmethod.html]
[sites.google.com/site/vmkale/ug/NMO/CONM-programs/samethod.html]
[sites.google.com/site/vmkale/ug/NMO/CONM-programs/simpsons1by3method.html]
[sites.google.com/site/vmkale/ug/NMO/CONM-programs/simpsons3by8method.html]
[sites.google.com/site/vmkale/ug/NMO/CONM-programs/stlineandparabola.html]
[sites.google.com/site/vmkale/ug/NMO/CONM-programs/thomasmethod.html]
[sites.google.com/site/vmkale/ug/NMO/CONM-programs/trapezoidalmethod.html]
[sites.google.com/site/vmkale/ug/submission-of-home-assignment.html]
[accounts.google.com/ServiceLogin263a]
[sites.google.com/site/vmkale/system/errors/NodeNotFound.958b5e.delayed]
[sites.google.com/site/vmkale/ug/NMO/conm-home-assignments.html]
[ssl.gstatic.com/sites/p/0bb9d3/system/app/pagetypes/announcements/announcements.css]
[sites.google.com/site/vmkale/_/rsrc/1603352043000/system/errors/NodeNotFound49c3.html]
[ssl.gstatic.com/sites/p/0bb9d3/system/app/pagetypes/filecabinet/icon-folder.gif]
[ssl.gstatic.com/sites/p/0bb9d3/system/app/pagetypes/filecabinet/icon-trash.gif]
[ssl.gstatic.com/sites/p/0bb9d3/system/app/images/icon_new.gif]
[ssl.gstatic.com/sites/p/0bb9d3/system/app/images/icon_sprites.gif]
[ssl.gstatic.com/sites/p/0bb9d3/system/app/images/tree_ltr.gif]
[ssl.gstatic.com/sites/p/0bb9d3/system/app/pagetypes/filecabinet/filecabinet.css]
[sites.google.com/site/vmkale/pg/goog_1422899689.html]
[sites.google.com/site/vmkale/pg.html]
[sites.google.com/site/vmkale/pg/afm/goog_1422899689.9c.delayed]
[sites.google.com/site/vmkale/pg/afm/afm-qpapers.html]
[sites.google.com/site/vmkale/pg/afm/afm-syllabus.html]
[sites.google.com/site/vmkale/ug/hp]
[sites.google.com/site/vmkale/ug/hp/goog_1422899689.html]
[sites.google.com/site/vmkale/ug/or/goog_1422899689.html]
[sites.google.com/site/vmkale/ug/NMO/goog_1422899689.html]
[ssl.gstatic.com/sites/p/0bb9d3/system/app/pagetypes/list/icon-delete.gif]
[sites.google.com/site/vmkale/ug/NMO/CONM-programs]
[ssl.gstatic.com/sites/p/0bb9d3/system/app/images/icon_close.gif]
[ssl.gstatic.com/sites/p/0bb9d3/system/app/pagetypes/list/icon-down.gif]
[ssl.gstatic.com/sites/p/0bb9d3/system/app/pagetypes/list/icon-up.gif]
[ssl.gstatic.com/sites/p/0bb9d3/system/app/pagetypes/list/list.css]
[sites.google.com/site/vmkale/ug/ifp/goog_1422899689.html]
[sites.google.com/site/vmkale/ug/NMO/CONM-programs/goog_1422899689.html]
[sites.google.com/site/vmkale/system/app/pages/goog_1422899689.html]
[sites.google.com/site/vmkale/system.html]
[sites.google.com/site/vmkale/system/app/pages.html]
[sites.google.com/site/vmkale/system/errors/NodeNotFounda170.html]
[sites.google.com/site/vmkale/ui-icons_256x240_black6fb5.png]
[sites.google.com/site/vmkale/system/app]
[sites.google.com/site/vmkale/ui-icons_256x2406fb5.png]
[sites.google.com/site/vmkale/sSecurity6fb5.jpg]
[sites.google.com/site/vmkale/sExam.a16fb5.delayed]
[0a9c32bb-a-62cb3a1a-s-sites.googlegroups.com/site/vmkale/sExam423f.jpg]
[sites.google.com/site/vmkale/sConfigure.a36fb5.delayed]
[0a9c32bb-a-62cb3a1a-s-sites.googlegroups.com/site/vmkale/sConfigure3ced.jpg]
[sites.google.com/site/vmkale/sReception.a56fb5.delayed]
[0a9c32bb-a-62cb3a1a-s-sites.googlegroups.com/site/vmkale/sReception45e1.jpg]
[sites.google.com/site/vmkale/lnbrs.a76fb5.delayed]
[0a9c32bb-a-62cb3a1a-s-sites.googlegroups.com/site/vmkale/lnbrsa7c8.jpg]
[sites.google.com/site/vmkale/lnbrs.a96fb5.delayed]
[0a9c32bb-a-62cb3a1a-s-sites.googlegroups.com/site/vmkale/lnbrsfdfb.png]
[sites.google.com/site/vmkale/sAccounts.ab6fb5.delayed]
[0a9c32bb-a-62cb3a1a-s-sites.googlegroups.com/site/vmkale/sAccounts8779.jpg]
[sites.google.com/site/vmkale/sPharmacy.ad6fb5.delayed]
[0a9c32bb-a-62cb3a1a-s-sites.googlegroups.com/site/vmkale/sPharmacy56ad.jpg]
[sites.google.com/site/vmkale/sReports.af6fb5.delayed]
[0a9c32bb-a-62cb3a1a-s-sites.googlegroups.com/site/vmkale/sReportsb930.jpg]
[sites.google.com/site/vmkale/sInvestigate.b16fb5.delayed]
[0a9c32bb-a-62cb3a1a-s-sites.googlegroups.com/site/vmkale/sInvestigate9928.jpg]
[sites.google.com/site/vmkale/sHospitality.b36fb5.delayed]
[0a9c32bb-a-62cb3a1a-s-sites.googlegroups.com/site/vmkale/sHospitality81d1.jpg]
[sites.google.com/site/vmkale/sStaff.b56fb5.delayed]
[0a9c32bb-a-62cb3a1a-s-sites.googlegroups.com/site/vmkale/sStaffbedc.jpg]
[sites.google.com/site/vmkale/sCare.b76fb5.delayed]
[0a9c32bb-a-62cb3a1a-s-sites.googlegroups.com/site/vmkale/sCare830d.jpg]
[sites.google.com/site/vmkale/sInventory.b96fb5.delayed]
[0a9c32bb-a-62cb3a1a-s-sites.googlegroups.com/site/vmkale/sInventory604b.jpg]
[sites.google.com/site/vmkale/system/app/pages/recentChangese164.html]
[sites.google.com/site/vmkale/system/app/pages/recentChanges4c30.html]
[sites.google.com/site/vmkale/system/app/pages/recentChangesf13c.html]
[sites.google.com/site/vmkale/_/rsrc/1603352043000/system/app/images/spinner.gif]
[www.gstatic.com/images/branding/product/1x/atari_24dp.png]
[www.gstatic.com/images/branding/product/1x/sites_24dp.png]
[sites.google.com/site/vmkale/_/rsrc/1603352043000/system/app/css/camelot/dashboard.css]
[sites.google.com/site/vmkale/_/rsrc/1603352043000/system/app/css/camelot/error.css]
[sites.google.com/site/vmkale/_/tz]
[accounts.google.com/signin/usernamerecovery0222.html]
[accounts.google.com/AccountChooser.c1d7eb.delayed]
[accounts.google.com/ServiceLogin1b79.html]
[accounts.google.com/SignUp3e1d.html]
[ssl.gstatic.com/ui/v1/dialog/close-x.png]
[ssl.gstatic.com/i18n/phonenumbers/phoneinputwidget/flags4.png]
[ssl.gstatic.com/ui/v1/disclosure/grey-disclosure-arrow-up-down.png]
[ssl.gstatic.com/i18n/phonenumbers/phoneinputwidget/phone-input-arrow.png]
[ssl.gstatic.com/accounts/ui/wlogostrip_325x24_1x.png]
[ssl.gstatic.com/accounts/signup/devices_1x.png]
[ssl.gstatic.com/accounts/ui/wlogostrip_325x24_2x.png]
[ssl.gstatic.com/accounts/signup/devices_2x.png]
[ssl.gstatic.com/accounts/ui/refresh_white.png]
[accounts.google.com/+/index.html]
[accounts.google.com/ServiceLogin38ef.html]
[accounts.google.com/SignUpWithoutGmailb082.html]
[accounts.google.com/signin/recovery5b7e.html]
[accounts.google.com/TOS.d3940f.delayed]
[www.gstatic.com/images/icons/material/system/2x/keyboard_arrow_down_white_24dp.png]
[accounts.google.com/SignUp04df.html]
[accounts.google.com/GET.html]
[accounts.google.com/POST]
[accounts.google.com/signin/usernamerecoveryb36d.html]
[accounts.google.com/AccountChooser.d6cbb6.delayed]
[accounts.google.com/ServiceLogina84b.html]
[accounts.google.com/ServiceLogin263a]
[sites.google.com/site/vmkale/ug/submission-of-home-assignment.html]
[sites.google.com/site/vmkale/_/rsrc/1603352043000/system/errors/NodeNotFound49c3.html]
[sites.google.com/site/vmkale/pg/afm/goog_1422899689.html]
[sites.google.com/site/vmkale/ug/NMO/CONM-programs]
[sites.google.com/site/vmkale/system/app]
[sites.google.com/site/vmkale/ui-icons_256x2406fb5.png]
[sites.google.com/site/vmkale/ui-icons_256x240_black6fb5.png]
[sites.google.com/site/vmkale/sSecurity6fb5.jpg]
[accounts.google.com/SignUp1a4c.html]
[sites.google.com/site/vmkale/HMSLogo.de6fb5.delayed]
[0a9c32bb-a-62cb3a1a-s-sites.googlegroups.com/site/vmkale/HMSLogo6fab.jpg]
[sites.google.com/site/vmkale/sHMS-Inspect.e06fb5.delayed]
[0a9c32bb-a-62cb3a1a-s-sites.googlegroups.com/site/vmkale/sHMS-Inspect0e9f.jpg]
[sites.google.com/site/vmkale/system/errors/NodeNotFound9987.html]
[sites.google.com/site/vmkale/system/errors/NodeNotFound38c9.html]
[sites.google.com/site/vmkale/system/app/pages/recentChangese164.html]
[sites.google.com/site/vmkale/system/app/pages/recentChangesf13c.html]
[sites.google.com/site/vmkale/system/app/pages/recentChanges79ee.html]
[accounts.google.com/ServiceLogind05f.html]
[accounts.google.com/SignUpWithoutGmail2d59.html]
[accounts.google.com/SignUp3e1d.html]
[accounts.google.com/+/index.html]
[accounts.google.com/signin/recoveryb407.html]
[accounts.google.com/AccountChooser.eb38ef.delayed]
[accounts.google.com/ServiceLogin38ef.html]
[accounts.google.com/ServiceLogine518.html]
[accounts.google.com/SignUpWithoutGmail3e1d.html]
[accounts.google.com/SignUpWithoutGmailb082.html]
[accounts.google.com/signin/recovery5b7e.html]
[accounts.google.com/POST]
[accounts.google.com/signin/usernamerecoveryb36d.html]
[accounts.google.com/AccountChooser.f4d4c0.delayed]
[accounts.google.com/ServiceLogina84b.html]
[accounts.google.com/SignUpb082.html]
[accounts.google.com/ServiceLogin2da0.html]
[accounts.google.com/SignUpWithoutGmailea45.html]
[accounts.google.com/SignUp1a4c.html]
[sites.google.com/site/vmkale/ui-icons_256x240_black6fb5.png]
[sites.google.com/site/vmkale/system/errors/NodeNotFound9987.html]
[sites.google.com/site/vmkale/system/errors/NodeNotFound38c9.html]
[sites.google.com/site/vmkale/ui-icons_256x2406fb5.png]
[sites.google.com/site/vmkale/sSecurity6fb5.jpg]
[accounts.google.com/signin/recovery27cf.html]
[sites.google.com/site/vmkale/system/errors/NodeNotFound5f9f.html]
[sites.google.com/site/vmkale/system/errors/NodeNotFounda0c5.html]
[sites.google.com/site/vmkale/system/errors/NodeNotFound8304.html]
[sites.google.com/site/vmkale/system/errors/NodeNotFoundde47.html]
[sites.google.com/site/vmkale/system/errors/NodeNotFoundc739.html]
[sites.google.com/site/vmkale/system/errors/NodeNotFound3f0f.html]
[sites.google.com/site/vmkale/system/errors/NodeNotFound71a8.html]
[sites.google.com/site/vmkale/system/errors/NodeNotFound5f4d.html]
[sites.google.com/site/vmkale/system/errors/NodeNotFoundf8f0.html]
[sites.google.com/site/vmkale/system/errors/NodeNotFound7576.html]
[sites.google.com/site/vmkale/system/errors/NodeNotFound6204.html]
[sites.google.com/site/vmkale/system/errors/NodeNotFoundc3bc.html]
[sites.google.com/site/vmkale/system/errors/NodeNotFound1d9e.html]
[sites.google.com/site/vmkale/system/errors/NodeNotFounde869.html]
[sites.google.com/site/vmkale/system/errors/NodeNotFound19c3.html]
[sites.google.com/site/vmkale/system/errors/NodeNotFounde79e.html]
[sites.google.com/site/vmkale/system/app/pages/recentChanges79ee.html]
[sites.google.com/site/vmkale/system/app/pages/recentChanges1206.html]
[accounts.google.com/signin/usernamerecovery1775.html]
[accounts.google.com/AccountChooser.112d05f.delayed]
[accounts.google.com/ServiceLoginb8f8.html]
[accounts.google.com/ServiceLogind05f.html]
[accounts.google.com/SignUpWithoutGmail2d59.html]
[accounts.google.com/signin/recoveryb407.html]
[accounts.google.com/AccountChooser.11b511f.delayed]
[accounts.google.com/ServiceLogine518.html]
[accounts.google.com/SignUpb407.html]
[accounts.google.com/ServiceLoginb520.html]
[accounts.google.com/SignUp2d59.html]
[accounts.google.com/SignUpWithoutGmail3e1d.html]
[accounts.google.com/SignUpb082.html]
[accounts.google.com/AccountChooser.1262da0.delayed]
[accounts.google.com/SignUp64e7.html]
[accounts.google.com/ServiceLogin2da0.html]
[accounts.google.com/ServiceLogin0b8f.html]
[accounts.google.com/SignUpWithoutGmailea45.html]
[accounts.google.com/signin/recovery27cf.html]
[sites.google.com/site/vmkale/ui-icons_256x240_black6fb5.png]
[sites.google.com/site/vmkale/system/errors/NodeNotFound5f9f.html]
[sites.google.com/site/vmkale/system/errors/NodeNotFounda0c5.html]
[sites.google.com/site/vmkale/system/errors/NodeNotFound8304.html]
[sites.google.com/site/vmkale/system/errors/NodeNotFoundde47.html]
[sites.google.com/site/vmkale/system/errors/NodeNotFoundc739.html]
[sites.google.com/site/vmkale/sSecurity6fb5.jpg]
[sites.google.com/site/vmkale/system/errors/NodeNotFound3f0f.html]
[sites.google.com/site/vmkale/system/errors/NodeNotFound71a8.html]
[sites.google.com/site/vmkale/system/errors/NodeNotFound5f4d.html]
[sites.google.com/site/vmkale/system/errors/NodeNotFoundf8f0.html]
[sites.google.com/site/vmkale/system/errors/NodeNotFound7576.html]
[sites.google.com/site/vmkale/system/errors/NodeNotFound6204.html]
[sites.google.com/site/vmkale/system/errors/NodeNotFoundc3bc.html]
[sites.google.com/site/vmkale/system/errors/NodeNotFound1d9e.html]
[sites.google.com/site/vmkale/system/errors/NodeNotFounde869.html]
[sites.google.com/site/vmkale/system/errors/NodeNotFound19c3.html]
[sites.google.com/site/vmkale/system/errors/NodeNotFounde79e.html]
[sites.google.com/site/vmkale/ui-icons_256x2406fb5.png]
[sites.google.com/site/vmkale/system/errors/NodeNotFound5cbf.html]
[accounts.google.com/SignUpea45.html]
[sites.google.com/site/vmkale/system/app/pages/recentChanges1206.html]
[docs.google.com/images/env.png]
[accounts.google.com/signin/usernamerecovery1775.html]
[sites.google.com/site/vmkale/system/app/pages/recentChanges0e37.html]
[accounts.google.com/AccountChooser.133cd16.delayed]
[accounts.google.com/ServiceLoginb8f8.html]
[accounts.google.com/ServiceLogine119.html]
[accounts.google.com/SignUpb407.html]
[accounts.google.com/SignUp2d59.html]
[accounts.google.com/SignUpWithoutGmail5029.html]
[accounts.google.com/AccountChooser.13eb520.delayed]
[accounts.google.com/ServiceLoginb520.html]
[accounts.google.com/SignUp64e7.html]
[accounts.google.com/SignUpWithoutGmail64e7.html]
[accounts.google.com/AccountChooser.14566f6.delayed]
[accounts.google.com/ServiceLogin0b8f.html]
[accounts.google.com/SignUpea45.html]
[sites.google.com/site/vmkale/system/errors/NodeNotFound5cbf.html]
[sites.google.com/site/vmkale/ui-icons_256x2406fb5.png]
[sites.google.com/site/vmkale/ui-icons_256x240_black6fb5.png]
[sites.google.com/site/vmkale/sSecurity6fb5.jpg]
[sites.google.com/site/vmkale/AME20LoginLogo.14e6fb5.delayed]
[0a9c32bb-a-62cb3a1a-s-sites.googlegroups.com/site/vmkale/AME20LoginLogo146c.png]
[sites.google.com/site/vmkale/system/errors/NodeNotFound74a8.html]
[sites.google.com/site/vmkale/sAME.1516fb5.delayed]
[0a9c32bb-a-62cb3a1a-s-sites.googlegroups.com/site/vmkale/sAMEe329.jpg]
[sites.google.com/site/vmkale/AMELOGO-115-Spinning.1536fb5.delayed]
[0a9c32bb-a-62cb3a1a-s-sites.googlegroups.com/site/vmkale/AMELOGO-115-Spinninged9a.gif]
[sites.google.com/site/vmkale/AMELOGO-400.1556fb5.delayed]
[0a9c32bb-a-62cb3a1a-s-sites.googlegroups.com/site/vmkale/AMELOGO-4000486.gif]
[sites.google.com/site/vmkale/AMELOGO-50.1576fb5.delayed]
[0a9c32bb-a-62cb3a1a-s-sites.googlegroups.com/site/vmkale/AMELOGO-509518.gif]
[sites.google.com/site/vmkale/AMELOGO-FULL.1596fb5.delayed]
[0a9c32bb-a-62cb3a1a-s-sites.googlegroups.com/site/vmkale/AMELOGO-FULLccac.gif]
[sites.google.com/site/vmkale/google3cf2b91f77a2e636.15b6fb5.delayed]
[sites.google.com/site/vmkale/sClickHere.15c6fb5.delayed]
[0a9c32bb-a-62cb3a1a-s-sites.googlegroups.com/site/vmkale/sClickHere584d.jpg]
[sites.google.com/site/vmkale/sPortfolio.15e6fb5.delayed]
[0a9c32bb-a-62cb3a1a-s-sites.googlegroups.com/site/vmkale/sPortfolio9ba1.jpg]
[sites.google.com/site/vmkale/sNewspaper.1606fb5.delayed]
[0a9c32bb-a-62cb3a1a-s-sites.googlegroups.com/site/vmkale/sNewspaperd63c.jpg]
[sites.google.com/site/vmkale/sStudents.1626fb5.delayed]
[0a9c32bb-a-62cb3a1a-s-sites.googlegroups.com/site/vmkale/sStudents4e5d.jpg]
[sites.google.com/site/vmkale/sServices.1646fb5.delayed]
[0a9c32bb-a-62cb3a1a-s-sites.googlegroups.com/site/vmkale/sServicescecf.jpg]
[sites.google.com/site/vmkale/sOrganizer.1666fb5.delayed]
[0a9c32bb-a-62cb3a1a-s-sites.googlegroups.com/site/vmkale/sOrganizer2d06.jpg]
[sites.google.com/site/vmkale/sHR.1686fb5.delayed]
[0a9c32bb-a-62cb3a1a-s-sites.googlegroups.com/site/vmkale/sHR0547.jpg]
[sites.google.com/site/vmkale/sDashboard.16a6fb5.delayed]
[0a9c32bb-a-62cb3a1a-s-sites.googlegroups.com/site/vmkale/sDashboarddc5e.jpg]
[sites.google.com/site/vmkale/system/app/pages/recentChanges0e37.html]
[sites.google.com/site/vmkale/system/app/pages/recentChangesbb6e.html]
[accounts.google.com/AccountChooser.16de119.delayed]
[accounts.google.com/ServiceLogine119.html]
[accounts.google.com/SignUpWithoutGmail5029.html]
[accounts.google.com/SignUpWithoutGmail64e7.html]
[sites.google.com/site/vmkale/ui-icons_256x2406fb5.png]
[sites.google.com/site/vmkale/system/errors/NodeNotFound74a8.html]
[sites.google.com/site/vmkale/sSecurity6fb5.jpg]
[sites.google.com/site/vmkale/ui-icons_256x240_black6fb5.png]
[accounts.google.com/SignUp5029.html]
[sites.google.com/site/vmkale/sCustomized.17a6fb5.delayed]
[0a9c32bb-a-62cb3a1a-s-sites.googlegroups.com/site/vmkale/sCustomized18de.jpg]
[sites.google.com/site/vmkale/sAME Home.17c6fb5.delayed]
[0a9c32bb-a-62cb3a1a-s-sites.googlegroups.com/site/vmkale/sAME Home8dbc.jpg]
[sites.google.com/site/vmkale/sAME Admin.17e6fb5.delayed]
[0a9c32bb-a-62cb3a1a-s-sites.googlegroups.com/site/vmkale/sAME Admind266.jpg]
[sites.google.com/site/vmkale/sAcademics.1806fb5.delayed]
[0a9c32bb-a-62cb3a1a-s-sites.googlegroups.com/site/vmkale/sAcademics22b3.jpg]
[sites.google.com/site/vmkale/AME Admin.1826fb5.delayed]
[0a9c32bb-a-62cb3a1a-s-sites.googlegroups.com/site/vmkale/AME Admina16d.jpg]
[sites.google.com/site/vmkale/Dashboard.1846fb5.delayed]
[0a9c32bb-a-62cb3a1a-s-sites.googlegroups.com/site/vmkale/Dashboardfa90.jpg]
[sites.google.com/site/vmkale/AME Home.1866fb5.delayed]
[0a9c32bb-a-62cb3a1a-s-sites.googlegroups.com/site/vmkale/AME Homed690.jpg]
[sites.google.com/site/vmkale/Portfolio.1886fb5.delayed]
[0a9c32bb-a-62cb3a1a-s-sites.googlegroups.com/site/vmkale/Portfolio41b9.jpg]
[sites.google.com/site/vmkale/Newspaper.18a6fb5.delayed]
[0a9c32bb-a-62cb3a1a-s-sites.googlegroups.com/site/vmkale/Newspaper7005.jpg]
[sites.google.com/site/vmkale/system/app/pages/recentChangesbb6e.html]
[accounts.google.com/SignUp5029.html]
[sites.google.com/site/vmkale/ui-icons_256x2406fb5.png]
[sites.google.com/site/vmkale/sSecurity6fb5.jpg]
[sites.google.com/site/vmkale/ui-icons_256x240_black6fb5.png]
[sites.google.com/site/vmkale/system/app/pages/recentChanges7880.html]
[sites.google.com/site/vmkale/system/errors/NodeNotFound49c3.html]
[sites.google.com/site/vmkale/system/errors/NodeNotFounda211.html]
[sites.google.com/site/vmkale/system/errors/NodeNotFound7ba3.html]
[sites.google.com/site/vmkale/system/errors/NodeNotFoundf997.html]
[sites.google.com/site/vmkale/system/errors/NodeNotFounda09e.html]
[sites.google.com/site/vmkale/system/errors/NodeNotFound086f.html]
[sites.google.com/site/vmkale/system/errors/NodeNotFound73d7.html]
[sites.google.com/site/vmkale/system/errors/NodeNotFound45da.html]
[sites.google.com/site/vmkale/system/errors/NodeNotFound7ef3.html]
[sites.google.com/site/vmkale/system/errors/NodeNotFound5a54.html]
[sites.google.com/site/vmkale/system/errors/NodeNotFoundfcf4.html]
[sites.google.com/site/vmkale/system/errors/NodeNotFound5ffd.html]
[sites.google.com/site/vmkale/system/errors/NodeNotFound4339.html]
[sites.google.com/site/vmkale/system/errors/NodeNotFound0852.html]
[sites.google.com/site/vmkale/system/errors/NodeNotFoundaa5c.html]
[sites.google.com/site/vmkale/system/errors/NodeNotFound4a87.html]
[sites.google.com/site/vmkale/system/errors/NodeNotFound2f49.html]
[sites.google.com/site/vmkale/system/errors/NodeNotFound2570.html]
[sites.google.com/site/vmkale/system/errors/NodeNotFounde567.html]
[sites.google.com/site/vmkale/system/errors/NodeNotFounded12.html]
[sites.google.com/site/vmkale/system/errors/NodeNotFound4cd6.html]
[sites.google.com/site/vmkale/system/errors/NodeNotFoundbe00.html]
[sites.google.com/site/vmkale/system/app/pages/recentChanges7880.html]
[sites.google.com/site/vmkale/ui-icons_256x2406fb5.png]
[sites.google.com/site/vmkale/system/errors/NodeNotFound49c3.html]
[sites.google.com/site/vmkale/system/errors/NodeNotFounda211.html]
[sites.google.com/site/vmkale/system/errors/NodeNotFound7ba3.html]
[sites.google.com/site/vmkale/system/errors/NodeNotFoundf997.html]
[sites.google.com/site/vmkale/system/errors/NodeNotFounda09e.html]
[sites.google.com/site/vmkale/system/errors/NodeNotFound086f.html]
[sites.google.com/site/vmkale/system/errors/NodeNotFound73d7.html]
[sites.google.com/site/vmkale/system/errors/NodeNotFound45da.html]
[sites.google.com/site/vmkale/system/errors/NodeNotFound7ef3.html]
[sites.google.com/site/vmkale/system/errors/NodeNotFound5a54.html]
[sites.google.com/site/vmkale/ui-icons_256x240_black6fb5.png]
[sites.google.com/site/vmkale/system/errors/NodeNotFoundfcf4.html]
[sites.google.com/site/vmkale/system/errors/NodeNotFound5ffd.html]
[sites.google.com/site/vmkale/system/errors/NodeNotFound4339.html]
[sites.google.com/site/vmkale/system/errors/NodeNotFound0852.html]
[sites.google.com/site/vmkale/system/errors/NodeNotFoundaa5c.html]
[sites.google.com/site/vmkale/system/errors/NodeNotFound4a87.html]
[sites.google.com/site/vmkale/system/errors/NodeNotFound2f49.html]
[sites.google.com/site/vmkale/system/errors/NodeNotFound2570.html]
[sites.google.com/site/vmkale/system/errors/NodeNotFounde567.html]
[sites.google.com/site/vmkale/system/errors/NodeNotFounded12.html]
[sites.google.com/site/vmkale/system/errors/NodeNotFound4cd6.html]
[sites.google.com/site/vmkale/system/errors/NodeNotFoundbe00.html]
[sites.google.com/site/vmkale/sSecurity6fb5.jpg]
[sites.google.com/site/vmkale/system/app/pages/recentChanges1902.html]
[sites.google.com/site/vmkale/system/errors/NodeNotFound0474.html]
[sites.google.com/site/vmkale/system/errors/NodeNotFound0f01.html]
[sites.google.com/site/vmkale/system/errors/NodeNotFoundf3a7.html]
[sites.google.com/site/vmkale/system/errors/NodeNotFoundc08b.html]
[sites.google.com/site/vmkale/AMELogo-Watermark.1b16fb5.delayed]
[0a9c32bb-a-62cb3a1a-s-sites.googlegroups.com/site/vmkale/AMELogo-Watermarke3e8.jpg]
[sites.google.com/site/vmkale/Info.1b36fb5.delayed]
[0a9c32bb-a-62cb3a1a-s-sites.googlegroups.com/site/vmkale/Info6045.png]
[sites.google.com/site/vmkale/Home.1b56fb5.delayed]
[0a9c32bb-a-62cb3a1a-s-sites.googlegroups.com/site/vmkale/Home303c.png]
[sites.google.com/site/vmkale/Credits.1b76fb5.delayed]
[0a9c32bb-a-62cb3a1a-s-sites.googlegroups.com/site/vmkale/Creditscf02.png]
[sites.google.com/site/vmkale/BlankImage.1b96fb5.delayed]
[0a9c32bb-a-62cb3a1a-s-sites.googlegroups.com/site/vmkale/BlankImage6efb.jpg]
[sites.google.com/site/vmkale/Home.1bb6fb5.delayed]
[0a9c32bb-a-62cb3a1a-s-sites.googlegroups.com/site/vmkale/Homef014.jpg]
[sites.google.com/site/vmkale/Students.1bd6fb5.delayed]
[0a9c32bb-a-62cb3a1a-s-sites.googlegroups.com/site/vmkale/Studentsb067.jpg]
[sites.google.com/site/vmkale/BlankPhoto.1bf6fb5.delayed]
[0a9c32bb-a-62cb3a1a-s-sites.googlegroups.com/site/vmkale/BlankPhoto83fa.jpg]
[sites.google.com/site/vmkale/HPNA.1c16fb5.delayed]
[0a9c32bb-a-62cb3a1a-s-sites.googlegroups.com/site/vmkale/HPNA71e9.jpg]
[sites.google.com/site/vmkale/myICEMLoginLogo.1c36fb5.delayed]
[0a9c32bb-a-62cb3a1a-s-sites.googlegroups.com/site/vmkale/myICEMLoginLogo1841.png]
[sites.google.com/site/vmkale/ICEMLogo.1c56fb5.delayed]
[sites.google.com/site/vmkale/system/app/pages/recentChanges1902.html]
[sites.google.com/site/vmkale/system/app/pages/recentChangesbd62.html]
[sites.google.com/site/vmkale/ui-icons_256x240_black6fb5.png]
[sites.google.com/site/vmkale/ui-icons_256x2406fb5.png]
[sites.google.com/site/vmkale/sSecurity6fb5.jpg]
[sites.google.com/site/vmkale/system/errors/NodeNotFound0474.html]
[sites.google.com/site/vmkale/system/errors/NodeNotFound0f01.html]
[sites.google.com/site/vmkale/system/errors/NodeNotFoundf3a7.html]
[sites.google.com/site/vmkale/system/errors/NodeNotFoundc08b.html]
[sites.google.com/site/vmkale/system/errors/TooManyRedirects.html]
[sites.google.com/site/vmkale/Analytics2.1ca6fb5.delayed]
[0a9c32bb-a-62cb3a1a-s-sites.googlegroups.com/site/vmkale/Analytics248dd.jpg]
[sites.google.com/site/vmkale/Stores.1cc6fb5.delayed]
[0a9c32bb-a-62cb3a1a-s-sites.googlegroups.com/site/vmkale/Stores1d6d.jpg]
[sites.google.com/site/vmkale/WIP.1ce6fb5.delayed]
[0a9c32bb-a-62cb3a1a-s-sites.googlegroups.com/site/vmkale/WIPac77.jpg]
[sites.google.com/site/vmkale/Suppliers.1d06fb5.delayed]
[0a9c32bb-a-62cb3a1a-s-sites.googlegroups.com/site/vmkale/Suppliersee8c.jpg]
[sites.google.com/site/vmkale/Customers.1d26fb5.delayed]
[0a9c32bb-a-62cb3a1a-s-sites.googlegroups.com/site/vmkale/Customers8858.jpg]
[sites.google.com/site/vmkale/FinishedGoods.1d46fb5.delayed]
[0a9c32bb-a-62cb3a1a-s-sites.googlegroups.com/site/vmkale/FinishedGoodsa4f0.jpg]
[sites.google.com/site/vmkale/Services2.1d66fb5.delayed]
[0a9c32bb-a-62cb3a1a-s-sites.googlegroups.com/site/vmkale/Services237ee.jpg]
[sites.google.com/site/vmkale/Logistics.1d86fb5.delayed]
[0a9c32bb-a-62cb3a1a-s-sites.googlegroups.com/site/vmkale/Logistics7261.jpg]
[sites.google.com/site/vmkale/HR2.1da6fb5.delayed]
[0a9c32bb-a-62cb3a1a-s-sites.googlegroups.com/site/vmkale/HR2987e.jpg]
[sites.google.com/site/vmkale/Customized2.1dc6fb5.delayed]
[0a9c32bb-a-62cb3a1a-s-sites.googlegroups.com/site/vmkale/Customized24e07.jpg]
[sites.google.com/site/vmkale/Procurement.1de6fb5.delayed]
[0a9c32bb-a-62cb3a1a-s-sites.googlegroups.com/site/vmkale/Procurement47b0.jpg]
[sites.google.com/site/vmkale/system/app/pages/recentChangesbd62.html]
[sites.google.com/site/vmkale/system/errors/TooManyRedirects.html]
[sites.google.com/site/vmkale/system/app/pages/recentChanges4e41.html]
[sites.google.com/site/vmkale/system/errors/NodeNotFoundf7bc.html]
[sites.google.com/site/vmkale/Customized.1e26fb5.delayed]
[0a9c32bb-a-62cb3a1a-s-sites.googlegroups.com/site/vmkale/Customizedc504.jpg]
[sites.google.com/site/vmkale/system/app/pages/recentChanges4e41.html]
[sites.google.com/site/vmkale/system/errors/NodeNotFoundf7bc.html]
[sites.google.com/site/vmkale/system/app/pages/recentChangesffc0.html]
[sites.google.com/site/vmkale/ClickHere.1e56fb5.delayed]
[0a9c32bb-a-62cb3a1a-s-sites.googlegroups.com/site/vmkale/ClickHere44b2.jpg]
[sites.google.com/site/vmkale/AMELogo.1e76fb5.delayed]
[0a9c32bb-a-62cb3a1a-s-sites.googlegroups.com/site/vmkale/AMELogoe3b3.jpg]
[sites.google.com/site/vmkale/system/errors/NodeNotFound3896.html]
[sites.google.com/site/vmkale/HR.1ea6fb5.delayed]
[0a9c32bb-a-62cb3a1a-s-sites.googlegroups.com/site/vmkale/HR451f.jpg]
[sites.google.com/site/vmkale/Exam.1ec6fb5.delayed]
[0a9c32bb-a-62cb3a1a-s-sites.googlegroups.com/site/vmkale/Exam01f9.jpg]
[sites.google.com/site/vmkale/StudentCenter.1ee6fb5.delayed]
[0a9c32bb-a-62cb3a1a-s-sites.googlegroups.com/site/vmkale/StudentCenter1b98.jpg]
[sites.google.com/site/vmkale/Organizer.1f06fb5.delayed]
[0a9c32bb-a-62cb3a1a-s-sites.googlegroups.com/site/vmkale/Organizerf752.jpg]
[sites.google.com/site/vmkale/Services.1f26fb5.delayed]
[0a9c32bb-a-62cb3a1a-s-sites.googlegroups.com/site/vmkale/Services50f1.jpg]
[sites.google.com/site/vmkale/Research.1f46fb5.delayed]
[0a9c32bb-a-62cb3a1a-s-sites.googlegroups.com/site/vmkale/Researchfac4.jpg]
[sites.google.com/site/vmkale/Academics.1f66fb5.delayed]
[0a9c32bb-a-62cb3a1a-s-sites.googlegroups.com/site/vmkale/Academics63a4.jpg]
[sites.google.com/site/vmkale/system/app/pages/recentChangesffc0.html]
[sites.google.com/site/vmkale/system/errors/NodeNotFound3896.html]
[sites.google.com/site/vmkale/system/app/pages/recentChanges5585.html]
[sites.google.com/site/vmkale/Analytics.1f96fb5.delayed]
[0a9c32bb-a-62cb3a1a-s-sites.googlegroups.com/site/vmkale/Analytics808d.jpg]
[sites.google.com/site/vmkale/Special.1fb6fb5.delayed]
[0a9c32bb-a-62cb3a1a-s-sites.googlegroups.com/site/vmkale/Special5205.jpg]
[sites.google.com/site/vmkale/system/errors/NodeNotFound8b0b.html]
[sites.google.com/site/vmkale/INDIRALOGO.1fe6fb5.delayed]
[0a9c32bb-a-62cb3a1a-s-sites.googlegroups.com/site/vmkale/INDIRALOGO4cb8.png]
[sites.google.com/site/vmkale/KJEILogo.2006fb5.delayed]
[0a9c32bb-a-62cb3a1a-s-sites.googlegroups.com/site/vmkale/KJEILogo2072.jpg]
[sites.google.com/site/vmkale/system/errors/NodeNotFoundb734.html]
[sites.google.com/site/vmkale/system/errors/NodeNotFound2da0.html]
[sites.google.com/site/vmkale/system/errors/NodeNotFound5f4f.html]
[sites.google.com/site/vmkale/system/errors/NodeNotFounde39c.html]
[sites.google.com/site/vmkale/KBTCOELogo.2066fb5.delayed]
[0a9c32bb-a-62cb3a1a-s-sites.googlegroups.com/site/vmkale/KBTCOELogoe21b.jpg]
[sites.google.com/site/vmkale/system/app/pages/recentChanges5585.html]
[sites.google.com/site/vmkale/system/errors/NodeNotFound8b0b.html]
[sites.google.com/site/vmkale/system/errors/NodeNotFoundb734.html]
[sites.google.com/site/vmkale/system/errors/NodeNotFound2da0.html]
[sites.google.com/site/vmkale/system/errors/NodeNotFound5f4f.html]
[sites.google.com/site/vmkale/system/errors/NodeNotFounde39c.html]
[sites.google.com/site/vmkale/system/app/pages/recentChangesbad8.html]
[sites.google.com/site/vmkale/AMELogo0.2096fb5.delayed]
[0a9c32bb-a-62cb3a1a-s-sites.googlegroups.com/site/vmkale/AMELogo090b2.png]
[sites.google.com/site/vmkale/AMELogo1.20b6fb5.delayed]
[0a9c32bb-a-62cb3a1a-s-sites.googlegroups.com/site/vmkale/AMELogo1a78d.jpg]
[sites.google.com/site/vmkale/AMELogo0.20d6fb5.delayed]
[0a9c32bb-a-62cb3a1a-s-sites.googlegroups.com/site/vmkale/AMELogo0f022.jpg]
[sites.google.com/site/vmkale/system/errors/NodeNotFound074a.html]
[sites.google.com/site/vmkale/system/errors/NodeNotFound5434.html]
[sites.google.com/site/vmkale/system/errors/NodeNotFounde129.html]
[sites.google.com/site/vmkale/system/app/pages/recentChangesbad8.html]
[sites.google.com/site/vmkale/system/errors/NodeNotFound074a.html]
[sites.google.com/site/vmkale/system/errors/NodeNotFound5434.html]
[sites.google.com/site/vmkale/system/errors/NodeNotFounde129.html]
[sites.google.com/site/vmkale/system/app/pages/recentChangesd889.html]
[sites.google.com/site/vmkale/system/errors/NodeNotFound7674.html]
[sites.google.com/site/vmkale/system/errors/NodeNotFound0634.html]
[sites.google.com/site/vmkale/system/errors/NodeNotFound7ba7.html]
[sites.google.com/site/vmkale/system/errors/NodeNotFound954a.html]
[sites.google.com/site/vmkale/system/errors/NodeNotFound6484.html]
[sites.google.com/site/vmkale/system/errors/NodeNotFoundf653.html]
[sites.google.com/site/vmkale/system/errors/NodeNotFound5b10.html]
[sites.google.com/site/vmkale/system/errors/NodeNotFoundf7ab.html]
[sites.google.com/site/vmkale/system/errors/NodeNotFound1792.html]
[sites.google.com/site/vmkale/system/errors/NodeNotFound2341.html]
[sites.google.com/site/vmkale/JSCOELogo.21d6fb5.delayed]
[0a9c32bb-a-62cb3a1a-s-sites.googlegroups.com/site/vmkale/JSCOELogo044b.jpg]
[sites.google.com/site/vmkale/system/errors/NodeNotFound9e56.html]
[sites.google.com/site/vmkale/system/app/pages/recentChangesd889.html]
[sites.google.com/site/vmkale/system/errors/NodeNotFound7674.html]
[sites.google.com/site/vmkale/system/errors/NodeNotFound0634.html]
[sites.google.com/site/vmkale/system/errors/NodeNotFound7ba7.html]
[sites.google.com/site/vmkale/system/errors/NodeNotFound954a.html]
[sites.google.com/site/vmkale/system/errors/NodeNotFound6484.html]
[sites.google.com/site/vmkale/system/errors/NodeNotFoundf653.html]
[sites.google.com/site/vmkale/system/errors/NodeNotFound5b10.html]
[sites.google.com/site/vmkale/system/errors/NodeNotFoundf7ab.html]
[sites.google.com/site/vmkale/system/errors/NodeNotFound1792.html]
[sites.google.com/site/vmkale/system/errors/NodeNotFound2341.html]
[sites.google.com/site/vmkale/system/errors/NodeNotFound9e56.html]
[sites.google.com/site/vmkale/system/app/pages/recentChangese0dd.html]
[sites.google.com/site/vmkale/DYPEFLogo.2216fb5.delayed]
[0a9c32bb-a-62cb3a1a-s-sites.googlegroups.com/site/vmkale/DYPEFLogo853a.jpg]
[sites.google.com/site/vmkale/erp.2236fb5.delayed]
[0a9c32bb-a-62cb3a1a-s-sites.googlegroups.com/site/vmkale/erp6380.jpg]
[sites.google.com/site/vmkale/myICEMlogin.2256fb5.delayed]
[0a9c32bb-a-62cb3a1a-s-sites.googlegroups.com/site/vmkale/myICEMloginb6db.jpg]
[sites.google.com/site/vmkale/system/errors/NodeNotFoundf85f.html]
[sites.google.com/site/vmkale/system/errors/NodeNotFound24ec.html]
[sites.google.com/site/vmkale/system/app/pages/recentChangese0dd.html]
[sites.google.com/site/vmkale/system/errors/NodeNotFoundf85f.html]
[sites.google.com/site/vmkale/system/errors/NodeNotFound24ec.html]
[sites.google.com/site/vmkale/system/app/pages/recentChangesb61d.html]
[sites.google.com/site/vmkale/Academic Monitoring.22a6fb5.delayed]
[0a9c32bb-a-62cb3a1a-s-sites.googlegroups.com/site/vmkale/Academic Monitoringc5b8.jpg]
[sites.google.com/site/vmkale/system/errors/NodeNotFound378a.html]
[sites.google.com/site/vmkale/system/errors/NodeNotFound581f.html]
[sites.google.com/site/vmkale/system/errors/NodeNotFound241e.html]
[sites.google.com/site/vmkale/system/errors/NodeNotFoundb7ef.html]
[sites.google.com/site/vmkale/system/errors/NodeNotFound38f4.html]
[sites.google.com/site/vmkale/system/errors/NodeNotFoundad66.html]
[sites.google.com/site/vmkale/system/errors/NodeNotFound9ade.html]
[sites.google.com/site/vmkale/system/errors/NodeNotFound9b1b.html]
[sites.google.com/site/vmkale/system/errors/NodeNotFoundba6e.html]
[sites.google.com/site/vmkale/system/errors/NodeNotFound0007.html]
[sites.google.com/site/vmkale/system/errors/NodeNotFound42a4.html]
[sites.google.com/site/vmkale/system/errors/NodeNotFound96cf.html]
[sites.google.com/site/vmkale/system/errors/NodeNotFound0e73.html]
[sites.google.com/site/vmkale/system/errors/NodeNotFound1b05.html]
[sites.google.com/site/vmkale/system/errors/NodeNotFound87c6.html]
[sites.google.com/site/vmkale/system/errors/NodeNotFound753b.html]
[sites.google.com/site/vmkale/system/errors/NodeNotFounddbad.html]
[sites.google.com/site/vmkale/system/app/pages/recentChangesb61d.html]
[sites.google.com/site/vmkale/system/errors/NodeNotFound378a.html]
[sites.google.com/site/vmkale/system/errors/NodeNotFound581f.html]
[sites.google.com/site/vmkale/system/errors/NodeNotFound241e.html]
[sites.google.com/site/vmkale/system/errors/NodeNotFoundb7ef.html]
[sites.google.com/site/vmkale/system/errors/NodeNotFound38f4.html]
[sites.google.com/site/vmkale/system/errors/NodeNotFoundad66.html]
[sites.google.com/site/vmkale/system/errors/NodeNotFound9ade.html]
[sites.google.com/site/vmkale/system/errors/NodeNotFound9b1b.html]
[sites.google.com/site/vmkale/system/errors/NodeNotFoundba6e.html]
[sites.google.com/site/vmkale/system/errors/NodeNotFound0007.html]
[sites.google.com/site/vmkale/system/errors/NodeNotFound42a4.html]
[sites.google.com/site/vmkale/system/errors/NodeNotFound96cf.html]
[sites.google.com/site/vmkale/system/errors/NodeNotFound0e73.html]
[sites.google.com/site/vmkale/system/errors/NodeNotFound1b05.html]
[sites.google.com/site/vmkale/system/errors/NodeNotFound87c6.html]
[sites.google.com/site/vmkale/system/errors/NodeNotFound753b.html]
[sites.google.com/site/vmkale/system/errors/NodeNotFounddbad.html]
[sites.google.com/site/vmkale/system/app/pages/recentChangesecfe.html]
[sites.google.com/site/vmkale/system/errors/NodeNotFound1677.html]
[sites.google.com/site/vmkale/favicon.23f6fb5.delayed]
[sites.google.com/site/vmkale/animated_favicon1.2406fb5.delayed]
[0a9c32bb-a-62cb3a1a-s-sites.googlegroups.com/site/vmkale/animated_favicon16e35.gif]
[sites.google.com/site/vmkale/system/errors/NodeNotFoundce1e.html]
[sites.google.com/site/vmkale/system/errors/NodeNotFoundccea.html]
[sites.google.com/site/vmkale/ICEMLogo4.2446fb5.delayed]
[sites.google.com/site/vmkale/system/errors/NodeNotFound5a17.html]
[sites.google.com/site/vmkale/system/errors/NodeNotFound7b3c.html]
[sites.google.com/site/vmkale/system/app/pages/recentChangesecfe.html]
[sites.google.com/site/vmkale/system/errors/NodeNotFound1677.html]
[sites.google.com/site/vmkale/system/errors/NodeNotFoundce1e.html]
[sites.google.com/site/vmkale/system/errors/NodeNotFoundccea.html]
[sites.google.com/site/vmkale/system/errors/NodeNotFound5a17.html]
[sites.google.com/site/vmkale/system/errors/NodeNotFound7b3c.html]
[sites.google.com/site/vmkale/system/app/pages/recentChanges6738.html]
[sites.google.com/site/vmkale/system/errors/NodeNotFounda576.html]
[sites.google.com/site/vmkale/stars.24a6fb5.delayed]
[0a9c32bb-a-62cb3a1a-s-sites.googlegroups.com/site/vmkale/stars8896.png]
[sites.google.com/site/vmkale/ICEMLogo4.24c6fb5.delayed]
[0a9c32bb-a-62cb3a1a-s-sites.googlegroups.com/site/vmkale/ICEMLogo4dc1b.jpg]
[sites.google.com/site/vmkale/pr.24e6fb5.delayed]
[0a9c32bb-a-62cb3a1a-s-sites.googlegroups.com/site/vmkale/pr16f7.png]
[sites.google.com/site/vmkale/ab.2506fb5.delayed]
[0a9c32bb-a-62cb3a1a-s-sites.googlegroups.com/site/vmkale/ab62b1.png]
[sites.google.com/site/vmkale/imp-data.252.delayed]
[sites.google.com/site/vmkale/ug/relibility-engg/RE-myNotes.254.delayed]
[sites.google.com/site/vmkale/system/app/pages/recentChanges6738.html]
[sites.google.com/site/vmkale/system/errors/NodeNotFounda576.html]
[sites.google.com/site/vmkale/system/app/pages/recentChanges72b1.html]
[sites.google.com/site/vmkale/ug/relibility-engg/RE 1204 B.E.(2003 Patt.).2586fb5.delayed]
[sites.google.com/site/vmkale/system/app/pages/recentChanges72b1.html]
[sites.google.com/site/vmkale/system/app/pages/recentChanges1b60.html]
[sites.google.com/site/vmkale/list.html]
[sites.google.com/site/vmkale/temp.html]
[sites.google.com/site/vmkale/system/app/pages/recentChanges1b60.html]
[sites.google.com/site/vmkale/list.html]
[sites.google.com/site/vmkale/temp.html]
[sites.google.com/site/vmkale/system/app/pages/recentChangesc8bb.html]
[sites.google.com/site/vmkale/system/app/pages/recentChangesc8bb.html]
[sites.google.com/site/vmkale/system/app/pages/recentChangesc0ea.html]
[sites.google.com/site/vmkale/system/errors/NodeNotFoundb0d8.html]
[sites.google.com/site/vmkale/files/GaussSeidal.25f6fb5.delayed]
[sites.google.com/site/vmkale/files.260.delayed]
[sites.google.com/site/vmkale/files/PG_RULE_REGULATIONS_FOR_CREDIT_SYSTEM_26-6-13.2616fb5.delayed]
[sites.google.com/site/vmkale/system/errors/NodeNotFound037b.html]
[sites.google.com/site/vmkale/system/errors/NodeNotFound8ca1.html]
[sites.google.com/site/vmkale/system/app/pages/recentChangesc0ea.html]
[sites.google.com/site/vmkale/system/errors/NodeNotFoundb0d8.html]
[sites.google.com/site/vmkale/system/errors/NodeNotFound037b.html]
[sites.google.com/site/vmkale/system/errors/NodeNotFound8ca1.html]
[sites.google.com/site/vmkale/system/app/pages/recentChangesf27d.html]
[sites.google.com/site/vmkale/system/errors/NodeNotFound9ab9.html]
[sites.google.com/site/vmkale/system/errors/NodeNotFound10b9.html]
[sites.google.com/site/vmkale/system/app/pages/recentChangesf27d.html]
[sites.google.com/site/vmkale/system/errors/NodeNotFound9ab9.html]
[sites.google.com/site/vmkale/system/errors/NodeNotFound10b9.html]
[sites.google.com/site/vmkale/system/app/pages/recentChanges0d85.html]
[sites.google.com/site/vmkale/ug/NMO/trapezoidal-Program and flowchart.26a6fb5.delayed]
[sites.google.com/site/vmkale/system/app/pages/recentChanges0d85.html]
[sites.google.com/site/vmkale/system/app/pages/recentChanges3241.html]
[sites.google.com/site/vmkale/ug/NMO/conm-home-assignments/eqn.26c6fb5.delayed]
[0a9c32bb-a-62cb3a1a-s-sites.googlegroups.com/site/vmkale/ug/NMO/conm-home-assignments/eqnc1e6.jpg]
[sites.google.com/site/vmkale/system/app/pages/recentChanges3241.html]
[sites.google.com/site/vmkale/system/app/pages/recentChanges814c.html]
[sites.google.com/site/vmkale/ug/NMO/conm-lesson-plan/ICEM Header.26f6fb5.delayed]
[0a9c32bb-a-62cb3a1a-s-sites.googlegroups.com/site/vmkale/ug/NMO/conm-lesson-plan/ICEM Header1a5c.jpg]
[sites.google.com/site/vmkale/ug/NMO/conm-home-assignments/ICEM Header.2716fb5.delayed]
[0a9c32bb-a-62cb3a1a-s-sites.googlegroups.com/site/vmkale/ug/NMO/conm-home-assignments/ICEM Header345a.jpg]
[sites.google.com/site/vmkale/my-calendar.html]
[sites.google.com/site/vmkale/system/errors/NodeNotFounde7eb.html]
[sites.google.com/site/vmkale/system/errors/NodeNotFoundb883.html]
[sites.google.com/site/vmkale/system/errors/NodeNotFound3408.html]
[sites.google.com/site/vmkale/system/errors/NodeNotFound4055.html]
[sites.google.com/site/vmkale/system/errors/NodeNotFound5446.html]
[sites.google.com/site/vmkale/system/errors/NodeNotFoundc570.html]
[sites.google.com/site/vmkale/system/errors/NodeNotFound69f6.html]
[sites.google.com/site/vmkale/system/errors/NodeNotFound1109.html]
[sites.google.com/site/vmkale/system/app/pages/recentChanges814c.html]
[sites.google.com/site/vmkale/my-calendar.html]
[sites.google.com/site/vmkale/system/errors/NodeNotFounde7eb.html]
[sites.google.com/site/vmkale/system/errors/NodeNotFoundb883.html]
[sites.google.com/site/vmkale/system/errors/NodeNotFound3408.html]
[sites.google.com/site/vmkale/system/errors/NodeNotFound4055.html]
[sites.google.com/site/vmkale/system/errors/NodeNotFound5446.html]
[sites.google.com/site/vmkale/system/errors/NodeNotFoundc570.html]
[sites.google.com/site/vmkale/system/errors/NodeNotFound69f6.html]
[sites.google.com/site/vmkale/system/errors/NodeNotFound1109.html]
[sites.google.com/site/vmkale/system/app/pages/recentChanges538c.html]
[sites.google.com/site/vmkale/system/errors/NodeNotFoundbba4.html]
[sites.google.com/site/vmkale/system/errors/NodeNotFound719d.html]
[sites.google.com/site/vmkale/system/errors/NodeNotFoundf30a.html]
[sites.google.com/site/vmkale/system/errors/NodeNotFound2c81.html]
[sites.google.com/site/vmkale/system/app/pages/recentChanges538c.html]
[sites.google.com/site/vmkale/system/errors/NodeNotFoundbba4.html]
[sites.google.com/site/vmkale/system/errors/NodeNotFound719d.html]
[sites.google.com/site/vmkale/system/errors/NodeNotFoundf30a.html]
[sites.google.com/site/vmkale/system/errors/NodeNotFound2c81.html]
[sites.google.com/site/vmkale/system/app/pages/recentChangesc880.html]
[sites.google.com/site/vmkale/system/errors/NodeNotFound223e.html]
[sites.google.com/site/vmkale/system/errors/NodeNotFound87e3.html]
[sites.google.com/site/vmkale/system/errors/NodeNotFoundf8fe.html]
[sites.google.com/site/vmkale/system/errors/NodeNotFound8f36.html]
[sites.google.com/site/vmkale/system/errors/NodeNotFound5549.html]
[sites.google.com/site/vmkale/system/errors/NodeNotFoundf9c0.html]
[sites.google.com/site/vmkale/system/app/pages/recentChangesc880.html]
[sites.google.com/site/vmkale/system/errors/NodeNotFound223e.html]
[sites.google.com/site/vmkale/system/errors/NodeNotFound87e3.html]
[sites.google.com/site/vmkale/system/errors/NodeNotFoundf8fe.html]
[sites.google.com/site/vmkale/system/errors/NodeNotFound8f36.html]
[sites.google.com/site/vmkale/system/errors/NodeNotFound5549.html]
[sites.google.com/site/vmkale/system/errors/NodeNotFoundf9c0.html]
[sites.google.com/site/vmkale/system/app/pages/recentChanges7245.html]
[sites.google.com/site/vmkale/system/app/pages/recentChanges7245.html]
[sites.google.com/site/vmkale/system/app/pages/recentChanges8123.html]
[sites.google.com/site/vmkale/system/errors/NodeNotFound9b46.html]
[sites.google.com/site/vmkale/system/errors/NodeNotFound2e2c.html]
[sites.google.com/site/vmkale/system/errors/NodeNotFound3f89.html]
[sites.google.com/site/vmkale/system/errors/NodeNotFoundbfed.html]
[sites.google.com/site/vmkale/system/errors/NodeNotFoundb6d7.html]
[sites.google.com/site/vmkale/system/errors/NodeNotFound0da7.html]
[sites.google.com/site/vmkale/system/app/pages/recentChanges8123.html]
[sites.google.com/site/vmkale/system/errors/NodeNotFound9b46.html]
[sites.google.com/site/vmkale/system/errors/NodeNotFound2e2c.html]
[sites.google.com/site/vmkale/system/errors/NodeNotFound3f89.html]
[sites.google.com/site/vmkale/system/errors/NodeNotFoundbfed.html]
[sites.google.com/site/vmkale/system/errors/NodeNotFoundb6d7.html]
[sites.google.com/site/vmkale/system/errors/NodeNotFound0da7.html]
[sites.google.com/site/vmkale/system/app/pages/recentChangesa026.html]
[sites.google.com/site/vmkale/system/errors/NodeNotFound82b1.html]
[sites.google.com/site/vmkale/system/errors/NodeNotFound7f74.html]
[sites.google.com/site/vmkale/system/errors/NodeNotFoundc035.html]
[sites.google.com/site/vmkale/system/errors/NodeNotFound9246.html]
[sites.google.com/site/vmkale/system/app/pages/recentChangesa026.html]
[sites.google.com/site/vmkale/system/errors/NodeNotFound82b1.html]
[sites.google.com/site/vmkale/system/errors/NodeNotFound7f74.html]
[sites.google.com/site/vmkale/system/errors/NodeNotFoundc035.html]
[sites.google.com/site/vmkale/system/errors/NodeNotFound9246.html]
[sites.google.com/site/vmkale/system/app/pages/recentChanges1cc7.html]
[sites.google.com/site/vmkale/system/errors/NodeNotFound46b9.html]
[sites.google.com/site/vmkale/noticeboard.html]
[sites.google.com/site/vmkale/system/app/pages/recentChanges1cc7.html]
[sites.google.com/site/vmkale/system/errors/NodeNotFound46b9.html]
[sites.google.com/site/vmkale/system/app/pages/recentChanges5eb8.html]
[sites.google.com/site/vmkale/noticeboard.html]
[sites.google.com/site/vmkale/noticeboard/posts.xml]
[sites.google.com/site/vmkale/system/errors/NodeNotFound7726.html]
[sites.google.com/site/vmkale/system/errors/NodeNotFound0269.html]
[sites.google.com/site/vmkale/system/errors/NodeNotFound0560.html]
[sites.google.com/site/vmkale/system/errors/NodeNotFound4f77.html]
[sites.google.com/site/vmkale/system/app/pages/recentChanges5eb8.html]
[sites.google.com/site/vmkale/system/errors/NodeNotFound7726.html]
[sites.google.com/site/vmkale/system/errors/NodeNotFound0269.html]
[sites.google.com/site/vmkale/system/errors/NodeNotFound0560.html]
[sites.google.com/site/vmkale/system/errors/NodeNotFound4f77.html]
[sites.google.com/site/vmkale/system/app/pages/recentChangesa37b.html]
[sites.google.com/site/vmkale/system/errors/NodeNotFound1d9e-2.html]
[sites.google.com/site/vmkale/system/errors/NodeNotFoundac62.html]
[sites.google.com/site/vmkale/system/errors/NodeNotFounde834.html]
[sites.google.com/site/vmkale/system/errors/NodeNotFoundeccf.html]
[sites.google.com/site/vmkale/system/errors/NodeNotFound98f1.html]
[sites.google.com/site/vmkale/system/errors/NodeNotFound4351.html]
[sites.google.com/site/vmkale/system/errors/NodeNotFound2e52.html]
[sites.google.com/site/vmkale/system/app/pages/recentChangesa37b.html]
[sites.google.com/site/vmkale/system/errors/NodeNotFound1d9e-2.html]
[sites.google.com/site/vmkale/system/errors/NodeNotFoundac62.html]
[sites.google.com/site/vmkale/system/errors/NodeNotFounde834.html]
[sites.google.com/site/vmkale/system/errors/NodeNotFoundeccf.html]
[sites.google.com/site/vmkale/system/errors/NodeNotFound98f1.html]
[sites.google.com/site/vmkale/system/errors/NodeNotFound4351.html]
[sites.google.com/site/vmkale/system/errors/NodeNotFound2e52.html]
[sites.google.com/site/vmkale/system/app/pages/recentChangesd34e.html]
[sites.google.com/site/vmkale/system/errors/NodeNotFound689c.html]
[sites.google.com/site/vmkale/system/errors/NodeNotFound916d.html]
[sites.google.com/site/vmkale/system/errors/NodeNotFound471b.html]
[sites.google.com/site/vmkale/system/app/pages/recentChangesd34e.html]
[sites.google.com/site/vmkale/system/errors/NodeNotFound689c.html]
[sites.google.com/site/vmkale/system/errors/NodeNotFound916d.html]
[sites.google.com/site/vmkale/system/errors/NodeNotFound471b.html]
[sites.google.com/site/vmkale/system/app/pages/recentChangesad8e.html]
[sites.google.com/site/vmkale/system/errors/NodeNotFoundfbf3.html]
[sites.google.com/site/vmkale/system/errors/NodeNotFoundc452.html]
[sites.google.com/site/vmkale/system/app/pages/recentChangesad8e.html]
[sites.google.com/site/vmkale/system/errors/NodeNotFoundfbf3.html]
[sites.google.com/site/vmkale/system/errors/NodeNotFoundc452.html]
[sites.google.com/site/vmkale/system/app/pages/recentChanges5265.html]
[sites.google.com/site/vmkale/system/errors/NodeNotFoundc892.html]
[sites.google.com/site/vmkale/system/app/pages/recentChanges5265.html]
[sites.google.com/site/vmkale/system/errors/NodeNotFoundc892.html]
[sites.google.com/site/vmkale/system/errors/NodeNotFound8486.html]
[sites.google.com/site/vmkale/system/errors/NodeNotFound8486.html]
